  CppProject.cpp
C:\Users\user\source\repos\CppOneWeekProject\CppProject.cpp(120,54): warning C4267: '인수': 'size_t'에서 '_Ty'(으)로 변환하면서 데이터가 손실될 수 있습니다.
C:\Users\user\source\repos\CppOneWeekProject\CppProject.cpp(120,54): warning C4267:         with
C:\Users\user\source\repos\CppOneWeekProject\CppProject.cpp(120,54): warning C4267:         [
C:\Users\user\source\repos\CppOneWeekProject\CppProject.cpp(120,54): warning C4267:             _Ty=int
C:\Users\user\source\repos\CppOneWeekProject\CppProject.cpp(120,54): warning C4267:         ]
C:\Users\user\source\repos\CppOneWeekProject\CppProject.cpp(126,58): warning C4267: '인수': 'size_t'에서 '_Ty'(으)로 변환하면서 데이터가 손실될 수 있습니다.
C:\Users\user\source\repos\CppOneWeekProject\CppProject.cpp(126,58): warning C4267:         with
C:\Users\user\source\repos\CppOneWeekProject\CppProject.cpp(126,58): warning C4267:         [
C:\Users\user\source\repos\CppOneWeekProject\CppProject.cpp(126,58): warning C4267:             _Ty=int
C:\Users\user\source\repos\CppOneWeekProject\CppProject.cpp(126,58): warning C4267:         ]
C:\Users\user\source\repos\CppOneWeekProject\CppProject.cpp(142,54): warning C4267: '인수': 'size_t'에서 '_Ty'(으)로 변환하면서 데이터가 손실될 수 있습니다.
C:\Users\user\source\repos\CppOneWeekProject\CppProject.cpp(142,54): warning C4267:         with
C:\Users\user\source\repos\CppOneWeekProject\CppProject.cpp(142,54): warning C4267:         [
C:\Users\user\source\repos\CppOneWeekProject\CppProject.cpp(142,54): warning C4267:             _Ty=int
C:\Users\user\source\repos\CppOneWeekProject\CppProject.cpp(142,54): warning C4267:         ]
C:\Users\user\source\repos\CppOneWeekProject\CppProject.cpp(148,58): warning C4267: '인수': 'size_t'에서 '_Ty'(으)로 변환하면서 데이터가 손실될 수 있습니다.
C:\Users\user\source\repos\CppOneWeekProject\CppProject.cpp(148,58): warning C4267:         with
C:\Users\user\source\repos\CppOneWeekProject\CppProject.cpp(148,58): warning C4267:         [
C:\Users\user\source\repos\CppOneWeekProject\CppProject.cpp(148,58): warning C4267:             _Ty=int
C:\Users\user\source\repos\CppOneWeekProject\CppProject.cpp(148,58): warning C4267:         ]
C:\Users\user\source\repos\CppOneWeekProject\CppProject.cpp(162,54): warning C4267: '인수': 'size_t'에서 '_Ty'(으)로 변환하면서 데이터가 손실될 수 있습니다.
C:\Users\user\source\repos\CppOneWeekProject\CppProject.cpp(162,54): warning C4267:         with
C:\Users\user\source\repos\CppOneWeekProject\CppProject.cpp(162,54): warning C4267:         [
C:\Users\user\source\repos\CppOneWeekProject\CppProject.cpp(162,54): warning C4267:             _Ty=int
C:\Users\user\source\repos\CppOneWeekProject\CppProject.cpp(162,54): warning C4267:         ]
C:\Users\user\source\repos\CppOneWeekProject\CppProject.cpp(169,58): warning C4267: '인수': 'size_t'에서 '_Ty'(으)로 변환하면서 데이터가 손실될 수 있습니다.
C:\Users\user\source\repos\CppOneWeekProject\CppProject.cpp(169,58): warning C4267:         with
C:\Users\user\source\repos\CppOneWeekProject\CppProject.cpp(169,58): warning C4267:         [
C:\Users\user\source\repos\CppOneWeekProject\CppProject.cpp(169,58): warning C4267:             _Ty=int
C:\Users\user\source\repos\CppOneWeekProject\CppProject.cpp(169,58): warning C4267:         ]
C:\Users\user\source\repos\CppOneWeekProject\CppProject.cpp(202,58): warning C4267: '인수': 'size_t'에서 '_Ty'(으)로 변환하면서 데이터가 손실될 수 있습니다.
C:\Users\user\source\repos\CppOneWeekProject\CppProject.cpp(202,58): warning C4267:         with
C:\Users\user\source\repos\CppOneWeekProject\CppProject.cpp(202,58): warning C4267:         [
C:\Users\user\source\repos\CppOneWeekProject\CppProject.cpp(202,58): warning C4267:             _Ty=int
C:\Users\user\source\repos\CppOneWeekProject\CppProject.cpp(202,58): warning C4267:         ]
C:\Users\user\source\repos\CppOneWeekProject\CppProject.cpp(209,54): warning C4267: '인수': 'size_t'에서 '_Ty'(으)로 변환하면서 데이터가 손실될 수 있습니다.
C:\Users\user\source\repos\CppOneWeekProject\CppProject.cpp(209,54): warning C4267:         with
C:\Users\user\source\repos\CppOneWeekProject\CppProject.cpp(209,54): warning C4267:         [
C:\Users\user\source\repos\CppOneWeekProject\CppProject.cpp(209,54): warning C4267:             _Ty=int
C:\Users\user\source\repos\CppOneWeekProject\CppProject.cpp(209,54): warning C4267:         ]
C:\Users\user\source\repos\CppOneWeekProject\CppProject.cpp(225,54): warning C4267: '인수': 'size_t'에서 '_Ty'(으)로 변환하면서 데이터가 손실될 수 있습니다.
C:\Users\user\source\repos\CppOneWeekProject\CppProject.cpp(225,54): warning C4267:         with
C:\Users\user\source\repos\CppOneWeekProject\CppProject.cpp(225,54): warning C4267:         [
C:\Users\user\source\repos\CppOneWeekProject\CppProject.cpp(225,54): warning C4267:             _Ty=int
C:\Users\user\source\repos\CppOneWeekProject\CppProject.cpp(225,54): warning C4267:         ]
C:\Users\user\source\repos\CppOneWeekProject\CppProject.cpp(231,58): warning C4267: '인수': 'size_t'에서 '_Ty'(으)로 변환하면서 데이터가 손실될 수 있습니다.
C:\Users\user\source\repos\CppOneWeekProject\CppProject.cpp(231,58): warning C4267:         with
C:\Users\user\source\repos\CppOneWeekProject\CppProject.cpp(231,58): warning C4267:         [
C:\Users\user\source\repos\CppOneWeekProject\CppProject.cpp(231,58): warning C4267:             _Ty=int
C:\Users\user\source\repos\CppOneWeekProject\CppProject.cpp(231,58): warning C4267:         ]
C:\Users\user\source\repos\CppOneWeekProject\CppProject.cpp(246,54): warning C4267: '인수': 'size_t'에서 '_Ty'(으)로 변환하면서 데이터가 손실될 수 있습니다.
C:\Users\user\source\repos\CppOneWeekProject\CppProject.cpp(246,54): warning C4267:         with
C:\Users\user\source\repos\CppOneWeekProject\CppProject.cpp(246,54): warning C4267:         [
C:\Users\user\source\repos\CppOneWeekProject\CppProject.cpp(246,54): warning C4267:             _Ty=int
C:\Users\user\source\repos\CppOneWeekProject\CppProject.cpp(246,54): warning C4267:         ]
C:\Users\user\source\repos\CppOneWeekProject\CppProject.cpp(253,58): warning C4267: '인수': 'size_t'에서 '_Ty'(으)로 변환하면서 데이터가 손실될 수 있습니다.
C:\Users\user\source\repos\CppOneWeekProject\CppProject.cpp(253,58): warning C4267:         with
C:\Users\user\source\repos\CppOneWeekProject\CppProject.cpp(253,58): warning C4267:         [
C:\Users\user\source\repos\CppOneWeekProject\CppProject.cpp(253,58): warning C4267:             _Ty=int
C:\Users\user\source\repos\CppOneWeekProject\CppProject.cpp(253,58): warning C4267:         ]
C:\Users\user\source\repos\CppOneWeekProject\CppProject.cpp(521,52): warning C4267: '인수': 'size_t'에서 '_Ty'(으)로 변환하면서 데이터가 손실될 수 있습니다.
C:\Users\user\source\repos\CppOneWeekProject\CppProject.cpp(521,52): warning C4267:         with
C:\Users\user\source\repos\CppOneWeekProject\CppProject.cpp(521,52): warning C4267:         [
C:\Users\user\source\repos\CppOneWeekProject\CppProject.cpp(521,52): warning C4267:             _Ty=int
C:\Users\user\source\repos\CppOneWeekProject\CppProject.cpp(521,52): warning C4267:         ]
C:\Users\user\source\repos\CppOneWeekProject\CppProject.cpp(684,1): warning C4715: 'Ai_Pickup_Card': 모든 제어 경로에서 값을 반환하지는 않습니다.
  CppProject.vcxproj -> C:\Users\user\source\repos\CppOneWeekProject\x64\Debug\CppProject.exe
